[2026-02-19 00:04:13] error: POST /api/admin/students-progress - Cannot read properties of undefined (reading 'length') - Stack: TypeError: Cannot read properties of undefined (reading 'length')
    at <anonymous> (C:\Projects\aaft\apps\api\src\modules\reports.ts:22:90)
    at Array.reduce (<anonymous>)
    at <anonymous> (C:\Projects\aaft\apps\api\src\modules\reports.ts:22:48)
    at Array.map (<anonymous>)
    at getStudentProgress (C:\Projects\aaft\apps\api\src\modules\reports.ts:21:27)
[2026-02-19 00:04:13] error: POST /api/admin/students-progress - Cannot read properties of undefined (reading 'length') - Stack: TypeError: Cannot read properties of undefined (reading 'length')
    at <anonymous> (C:\Projects\aaft\apps\api\src\modules\reports.ts:22:90)
    at Array.reduce (<anonymous>)
    at <anonymous> (C:\Projects\aaft\apps\api\src\modules\reports.ts:22:48)
    at Array.map (<anonymous>)
    at getStudentProgress (C:\Projects\aaft\apps\api\src\modules\reports.ts:21:27)
[2026-02-19 00:43:15] error: POST /api/admin/students-progress - Cannot read properties of undefined (reading 'getTime') - Stack: TypeError: Cannot read properties of undefined (reading 'getTime')
    at <anonymous> (C:\Projects\aaft\apps\api\src\modules\reports.ts:30:69)
    at Array.reduce (<anonymous>)
    at <anonymous> (C:\Projects\aaft\apps\api\src\modules\reports.ts:29:50)
    at Array.map (<anonymous>)
    at getStudentProgress (C:\Projects\aaft\apps\api\src\modules\reports.ts:21:27)
[2026-02-19 00:43:15] error: POST /api/admin/students-progress - Cannot read properties of undefined (reading 'getTime') - Stack: TypeError: Cannot read properties of undefined (reading 'getTime')
    at <anonymous> (C:\Projects\aaft\apps\api\src\modules\reports.ts:30:69)
    at Array.reduce (<anonymous>)
    at <anonymous> (C:\Projects\aaft\apps\api\src\modules\reports.ts:29:50)
    at Array.map (<anonymous>)
    at getStudentProgress (C:\Projects\aaft\apps\api\src\modules\reports.ts:21:27)
